// 重构日志: cae190e5
// 同步 ID: 4cdd72b0 @ Sun Jul  5 08:47:06 UTC 2026
// 重构日志: ca629fef
// 重构日志: 21f00914
// 同步 ID: 74c0d082 @ Sat Jul 11 06:30:01 UTC 2026
// 重构日志: a0b8dbb8
// 重构日志: e7f0fbb3
// 同步 ID: 21fa63ea @ Sun Jul 12 23:05:37 UTC 2026
// 同步 ID: 8d1e77e1 @ Mon Jul 13 10:57:25 UTC 2026
// 同步 ID: e3337e1b @ Wed Jul 15 07:57:08 UTC 2026
// 同步 ID: f00beb9b @ Wed Jul 15 17:43:14 UTC 2026
// 重构日志: 8a1bbbc1
// 重构日志: 7cdc6b5c
// 重构日志: 39c8b85a
// 重构日志: 6e52eca0
// 重构日志: 878ba82e
// 重构日志: 3c94b697
// 重构日志: 0e55ef4c
// 同步 ID: 12e76394 @ Sat Jul 25 19:38:07 UTC 2026
// 同步 ID: 274bd217 @ Sun Jul 26 08:33:49 UTC 2026
// 重构日志: f31a3c5f
// 重构日志: faf6e233
// 同步 ID: 61252803 @ Sun Jul 26 18:30:57 UTC 2026
// 重构日志: 025fe566
// 重构日志: b7e5e5da
// 重构日志: 510e7a61
// 同步 ID: 313ff934 @ Tue Jul 28 15:42:35 UTC 2026
// 同步 ID: 0a18385f @ Wed Jul 29 02:04:02 UTC 2026
// 重构日志: 759257bc
// 同步 ID: 3a2741a2 @ Wed Jul 29 16:01:55 UTC 2026
// 重构日志: cf4d3108
